// Jest Snapshot v1, https://goo.gl/fbAQLP

exports[`App renders correctly 1`] = `
<DocumentFragment>
  <div
    class="searchResult"
  >
    <div
      class="stockPrice"
    >
      <div
        class="name"
      >
        Name: APPL
      </div>
      <div
        class="date"
      >
        date: 29-03-21
      </div>
      <div
        class="amount"
      >
        price: $ 950
      </div>
      <div
        class="recommendationContainer"
      >
        Recommendation: 
        <span
          class="sell"
        >
          sell
        </span>
      </div>
      <button
        class="button"
      >
        Buy
      </button>
    </div>
    <div
      class="socialMedia"
    >
      <h3>
         Platform: APPL
      </h3>
      <div
        class="socialData"
      >
        29-03-21 : Post 70
      </div>
    </div>
  </div>
</DocumentFragment>
`;
